[youtube-aovivo.com/index.html]
[connect.facebook.net/en_US/fbevents.js]
[cdn.utmify.com.br/scripts/utms/latest.js]
[youtube-aovivo.com/_next/static/media/a34f9d1faa5f3315-s.p.woff2]
[youtube-aovivo.com/_next/static/media/122c360d7fe6d395-s.p.woff2]
[youtube-aovivo.com/_next/static/css/a87185f8c503284a.css]
[youtube-aovivo.com/_next/static/chunks/polyfills-78c92fac7aa8fdd8.js]
[youtube-aovivo.com/_next/static/chunks/webpack-a4f8b795d2eb4d91.js]
[youtube-aovivo.com/_next/static/chunks/framework-ecc4130bc7a58a64.js]
[youtube-aovivo.com/_next/static/chunks/main-364fdecca3e07137.js]
[youtube-aovivo.com/_next/static/chunks/pages/_app-a7bb596c6d0c3999.js]
[youtube-aovivo.com/_next/static/chunks/674a26a7-281f62fc35910e3d.js]
[youtube-aovivo.com/_next/static/chunks/cb355538-41b9d44682b37ecc.js]
[youtube-aovivo.com/_next/static/chunks/79-a54a23a5930e211e.js]
[youtube-aovivo.com/_next/static/chunks/pages/index-5460febbd3c7623f.js]
[youtube-aovivo.com/_next/static/RewTBH3AA0dKr9UrOj6IK/_buildManifest.js]
[backblue.gif]
[fade.gif]
[index.html]
[youtube-aovivo.com/_next/static/RewTBH3AA0dKr9UrOj6IK/_ssgManifest.js]
[youtube-aovivo.com/logo.png]
[youtube-aovivo.com/canal.png]
[youtube-aovivo.com/index.html]
[youtube-aovivo.com/cdn-cgi/scripts/7d0fa10a/cloudflare-static/rocket-loader.min.js]
[youtube-aovivo.com/a]
[youtube-aovivo.com/POST]
[youtube-aovivo.com/b.resolvedLink]
[youtube-aovivo.com/signals/iwl.js]
[connect.facebook.net/en_US/fbevents.js]
[youtube-aovivo.com/_next/static/media/55c55f0601d81cf3-s.woff2]
[youtube-aovivo.com/_next/static/media/26a46d62cd723877-s.woff2]
[youtube-aovivo.com/_next/static/media/97e0cb1ae144a2a9-s.woff2]
[youtube-aovivo.com/_next/static/media/581909926a08bbc8-s.woff2]
[youtube-aovivo.com/_next/static/media/df0a9ae256c0569c-s.woff2]
[youtube-aovivo.com/_next/static/media/6d93bde91c0c2823-s.woff2]
[youtube-aovivo.com/_next/static/media/9f05b6a2725a7318-s.woff2]
[youtube-aovivo.com/_next/static/media/c740c1d45290834f-s.woff2]
[youtube-aovivo.com/_next/static/media/d0697bdd3fb49a78-s.woff2]
[youtube-aovivo.com/_next/static/media/9bbb7f84f3601865-s.woff2]
[youtube-aovivo.com/_next/static/media/a8eac78432f0a60b-s.woff2]
[youtube-aovivo.com/_next/static/css/a87185f8c503284a.css]
[youtube-aovivo.com/cdn-cgi/zaraz/sd0d9.js]
[youtube-aovivo.com/a.html]
[youtube-aovivo.com/POST.html]
[youtube-aovivo.com/schema.org]
[youtube-aovivo.com/schema.org/index.html]
[youtube-aovivo.com/b.html]
[youtube-aovivo.com/signals/iwl.html]
[youtube-aovivo.com/schema.html]
